flutter : Error: No pubspec.yaml file found.
At line:1 char:1
+ flutter build apk --debug --dart-define=ENABLE_UNITY_WIDGET=true 2>&1 ...
+ ~~~~~~~~~~~~~~~~~~~~~~~~~~~~~~~~~~~~~~~~~~~~~~~~~~~~~~~~~~~~~~~~~~~~~
    + CategoryInfo          : NotSpecified: (Error: No pubspec.yaml file found 
   .:String) [], RemoteException
    + FullyQualifiedErrorId : NativeCommandError
 
This command should be run from the root of your Flutter project.
